        <span>
            <i icon-name="message-circle"
               class="pb-1"></i>
            
    Chat

        </span>
