<a class="btn !rounded-full"
           href="/augsburg/pages/de/1/edit/">
            Zur Seite
        </a>
